// Jest Snapshot v1, https://goo.gl/fbAQLP

exports[`<Input/> should match snapshot 1`] = `
<input
  class="input"
  placeholder="search"
  type="search"
  value=""
/>
`;
